1 ID Int
1 INT int
1 STRING normal string with
line break
