1 VOID void
1 ID string
Error undefined escape sequence g
