1 INT int
1 ID main
1 LPAREN (
1 RPAREN )
1 LBRACE {
2 ID a
2 ASSIGN =
2 NUM 5
2 SC ;
3 B b
3 ASSIGN =
3 NUM 6
3 SC ;
4 ID c
4 ASSIGN =
4 NUM 4
4 B b
4 SC ;
5 RBRACE }
